// Jest Snapshot v1, https://goo.gl/fbAQLP

exports[`MovieDetails match snapshot 1`] = `
<div
  className="movie-details row"
>
  <img
    alt="Pulp Fiction"
    className="col-4"
    data-testid="image"
    src="/images/movies/pulp-fiction.png"
  />
  <div
    className="movie-details--container col-8"
  >
    <h2
      className="movie-details--name"
      data-testid="name"
    >
      Pulp Fiction
      <span
        className="movie-details--rate"
      >
        8.9
      </span>
    </h2>
    <p
      className="movie-details--categories"
      data-testid="categories"
    >
      Action & Adventure
    </p>
    <p
      className="movie-details--year-duration"
    >
      <span
        className="movie-details--year"
        data-testid="year"
      >
        2004
      </span>
      <span
        className="movie-details--duration"
        data-testid="duration"
      >
        2h 34m
      </span>
    </p>
    <p
      className="movie-details--description"
      data-testid="description"
    >
      Jules Winnfield (Samuel L. Jackson) and Vincent Vega (John Travolta) are two hit men who are out to retrieve a suitcase stolen from their employer, mob boss Marsellus Wallace (Ving Rhames). Wallace has also asked Vincent to take his wife Mia (Uma Thurman) out a few days later when Wallace himself will be out of town. Butch Coolidge (Bruce Willis) is an aging boxer who is paid by Wallace to lose his fight. The lives of these seemingly unrelated people are woven together comprising of a series of funny, bizarre and uncalled-for incidents.â€”Soumitra
    </p>
  </div>
</div>
`;
